
> user-mngmt@0.0.0 build
> vite build

[36mvite v7.3.1 [32mbuilding client environment for production...[36m[39m
transforming...
[32mΓ£ô[39m 14 modules transformed.
node.exe : 
[31mΓ£ù[39m Build 
failed in 305ms
At line:1 char:1
+ & "C:\Program 
Files\nodejs/node.exe" 
"C:\Program 
Files\nodejs/node_mo 
...
+ ~~~~~~~~~~~~~~~~~~~~~
~~~~~~~~~~~~~~~~~~~~~~~
~~~~~~~~~~~~~~~~~~~~~~~
~~
    + CategoryInfo     
         : 
NotSpecified: (    
[31mΓ£ù[39m Build fa  
  iled in 
305ms:String)     [], 
RemoteException
    + 
FullyQualifiedError    
Id : NativeCommandErr  
  or
 
[31merror during 
build:
[31m[vite:esbuild] 
Transform failed with 
1 error:
D:/UserMngmt/src/compon
ents/pages/Employees/Em
ployeeList.jsx:118:0: 
ERROR: Unexpected 
"<<"[31m
file: [36mD:/UserMngmt
/src/components/pages/E
mployees/EmployeeList.j
sx:118:0[31m
[33m
[33mUnexpected 
"<<"[33m
116 |    const 
handleAddEmployee = 
async (newEmployee) => 
{
117 |      try {
118 |  <<<<<<< HEAD
    |  ^
119 |        const 
createdEmployee = 
await apiService.create
Employee(newEmployee);
120 |        
console.log("[DEBUG] 
Backend Response 
(createEmployee):", 
createdEmployee);
[31m
    at 
failureErrorWithLog (D:
\UserMngmt\node_modules
\esbuild\lib\main.js:14
67:15)
    at D:\UserMngmt\nod
e_modules\esbuild\lib\m
ain.js:736:50
    at responseCallback
s.<computed> (D:\UserMn
gmt\node_modules\esbuil
d\lib\main.js:603:9)
    at 
handleIncomingPacket (D
:\UserMngmt\node_module
s\esbuild\lib\main.js:6
58:12)
    at 
Socket.readFromStdout (
D:\UserMngmt\node_modul
es\esbuild\lib\main.js:
581:7)
    at Socket.emit 
(node:events:508:28)
    at addChunk (node:i
nternal/streams/readabl
e:559:12)
    at readableAddChunk
PushByteMode (node:inte
rnal/streams/readable:5
10:3)
    at Readable.push (n
ode:internal/streams/re
adable:390:5)
    at 
Pipe.onStreamRead (node
:internal/stream_base_c
ommons:189:23)[39m
